// Jest Snapshot v1, https://goo.gl/fbAQLP

exports[`<HomeScreen /> should render matching the snapshot 1`] = `
.c4 {
  margin: 0 auto;
  width: 45%;
  height: 10%;
  position: absolute;
  right: 29%;
  top: 15%;
  text-align: center;
  color: #03033A;
  display: -webkit-box;
  display: -webkit-flex;
  display: -ms-flexbox;
  display: flex;
  -webkit-align-content: center;
  -ms-flex-line-pack: center;
  align-content: center;
  -webkit-align-items: center;
  -webkit-box-align: center;
  -ms-flex-align: center;
  align-items: center;
  -webkit-box-pack: center;
  -webkit-justify-content: center;
  -ms-flex-pack: center;
  justify-content: center;
  font-size: 1.5em;
  font-family: 'Lato',sans-serif;
  line-height: 1.5;
}

.c4 button {
  color: #03033A;
  border: 1px solid #03033A;
  background-color: #FFFFFF;
  width: 30px;
  height: 30px;
  border-radius: 100%;
  cursor: pointer;
}

.c4 button:hover {
  background-color: #03033A;
  color: #FFFFFF;
}

.c4 button:focus {
  outline: none;
}

.c5 {
  width: 500px;
  display: -webkit-box;
  display: -webkit-flex;
  display: -ms-flexbox;
  display: flex;
  -webkit-flex-direction: row;
  -ms-flex-direction: row;
  flex-direction: row;
  -webkit-align-items: center;
  -webkit-box-align: center;
  -ms-flex-align: center;
  align-items: center;
  -webkit-box-pack: center;
  -webkit-justify-content: center;
  -ms-flex-pack: center;
  justify-content: center;
}

.c8 {
  background-color: #FFFFFF;
  font-family: 'Lato',sans-serif;
  width: 100%;
  height: 185%;
  border-radius: 10px;
  cursor: pointer;
  border: 1px solid #03033A;
}

.c8 h3 {
  font-weight: bold;
  font-size: 1em;
}

.c8:hover {
  background-color: #03033A;
  color: #FFFFFF;
}

.c8:focus {
  background-color: #03033A;
  color: #FFFFFF;
  outline: none;
}

.c0 {
  width: 100%;
  height: 100vh;
  background: rgb(97,0,135);
  background: linear-gradient(90deg,rgba(97,0,135,1) 33%,rgba(77,0,140,1) 73%,rgba(56,0,144,1) 100%);
  display: -webkit-box;
  display: -webkit-flex;
  display: -ms-flexbox;
  display: flex;
  -webkit-box-pack: center;
  -webkit-justify-content: center;
  -ms-flex-pack: center;
  justify-content: center;
  -webkit-align-items: center flex-direction:column;
  -webkit-box-align: center flex-direction:column;
  -ms-flex-align: center flex-direction:column;
  align-items: center flex-direction:column;
}

.c1 {
  margin: auto;
  width: 80%;
  height: 75%;
  border-radius: 20px;
  position: relative;
  text-transform: none;
  font-style: normal;
  -webkit-letter-spacing: 0rem;
  -moz-letter-spacing: 0rem;
  -ms-letter-spacing: 0rem;
  letter-spacing: 0rem;
  background: #FFFFFF;
  padding: 170px;
  -webkit-align-content: center;
  -ms-flex-line-pack: center;
  align-content: center;
}

.c2 {
  margin: 0 auto;
  border-radius: 10px;
  width: 45%;
  height: 10%;
  position: absolute;
  top: -4%;
  right: 29%;
  text-align: center;
  text-transform: none;
  font-style: normal;
  -webkit-letter-spacing: 0rem;
  -moz-letter-spacing: 0rem;
  -ms-letter-spacing: 0rem;
  letter-spacing: 0rem;
  color: #FFFFFF;
  background: #03033A;
  display: -webkit-box;
  display: -webkit-flex;
  display: -ms-flexbox;
  display: flex;
  -webkit-align-content: center;
  -ms-flex-line-pack: center;
  align-content: center;
  -webkit-align-items: center;
  -webkit-box-align: center;
  -ms-flex-align: center;
  align-items: center;
  -webkit-box-pack: center;
  -webkit-justify-content: center;
  -ms-flex-pack: center;
  justify-content: center;
}

.c2 h4 {
  font-size: 1.5em;
  font-family: 'Lato',sans-serif;
}

.c7 {
  display: grid;
  grid-template-columns: repeat(5,1fr);
  grid-gap: 1rem;
  grid-auto-rows: repeat(5,minmax(100px,auto)) margin-top:-90;
}

.c10 {
  background: rgb(97,0,135);
  background: linear-gradient(90deg,rgba(97,0,135,1) 33%,rgba(77,0,140,1) 73%,rgba(56,0,144,1) 100%);
  color: #FFFFFF;
  font-family: 'Lato',sans-serif;
  width: 46%;
  height: 60px;
  font-size: 1.2rem;
  font-weight: bold;
  margin-top: -20px;
  border-radius: 30px;
  cursor: pointer;
  border: 1px solid #03033A;
}

.c10:hover {
  background-color: #FFFFFF;
  color: #03033A;
}

.c10:focus {
  background-color: #FFFFFF;
  color: #03033A;
  outline: none;
}

.c9 {
  display: -webkit-box;
  display: -webkit-flex;
  display: -ms-flexbox;
  display: flex;
  margin-top: 70px;
  -webkit-align-items: center;
  -webkit-box-align: center;
  -ms-flex-align: center;
  align-items: center;
  -webkit-flex-direction: column;
  -ms-flex-direction: column;
  flex-direction: column;
}

.c9 h6 {
  font-family: 'Lato',sans-serif;
  font-size: 75%;
  -webkit-letter-spacing: 1.3px;
  -moz-letter-spacing: 1.3px;
  -ms-letter-spacing: 1.3px;
  letter-spacing: 1.3px;
  margin-top: 15px;
}

.c3 {
  margin-bottom: 25px;
  -webkit-align-items: center;
  -webkit-box-align: center;
  -ms-flex-align: center;
  align-items: center;
  -webkit-flex-direction: column;
  -ms-flex-direction: column;
  flex-direction: column;
}

.c3 h5 {
  margin-top: 40px;
  font-family: 'Lato',sans-serif;
  font-size: 120%;
  color: #850083;
}

.c6 {
  display: -webkit-box;
  display: -webkit-flex;
  display: -ms-flexbox;
  display: flex;
  -webkit-box-pack: center;
  -webkit-justify-content: center;
  -ms-flex-pack: center;
  justify-content: center;
}

@media (max-width:986px) {
  .c4 {
    position: relative;
    right: 0%;
    margin-bottom: 10px;
  }
}

@media (max-width:500px) {
  .c4 {
    font-size: 18px;
  }
}

@media (max-width:800px) {

}

@media (max-width:800px) {
  .c0 {
    height: auto;
    width: 100%;
    display: -webkit-box;
    display: -webkit-flex;
    display: -ms-flexbox;
    display: flex;
    -webkit-box-pack: center;
    -webkit-justify-content: center;
    -ms-flex-pack: center;
    justify-content: center;
    -webkit-align-items: center flex-direction:column;
    -webkit-box-align: center flex-direction:column;
    -ms-flex-align: center flex-direction:column;
    align-items: center flex-direction:column;
  }
}

@media (max-width:986px) {
  .c1 {
    height: auto;
    width: 80%;
    padding: 100px;
    display: -webkit-box;
    display: -webkit-flex;
    display: -ms-flexbox;
    display: flex;
    -webkit-flex-direction: column;
    -ms-flex-direction: column;
    flex-direction: column;
  }
}

@media (max-width:976px) {
  .c2 {
    top: 0;
  }
}

@media (max-width:800px) {
  .c7 {
    grid-template-columns: repeat(1,1fr);
    grid-gap: 1rem;
  }
}

@media (max-width:500px) {
  .c10 {
    font-size: 0.8rem;
    width: 60%;
  }
}

<div>
  <div
    class="c0"
  >
    <div
      class="c1"
    >
      <span
        class="c2"
      >
        <h4>
          Valor Solicitado
        </h4>
      </span>
      <div
        class="c3"
      >
        <div
          class="c4"
        >
          <span>
            <h2>
              R$ 90,00
            </h2>
            <div
              class="c5"
            >
              <h3>
                Valor bruto:
                
              </h3>
              <button>
                ?
              </button>
            </div>
          </span>
        </div>
        <div>
          <div
            class="rc-slider rc-slider-with-marks"
          >
            <div
              class="rc-slider-rail"
              style="background-color: rgb(146, 47, 145);"
            />
            <div
              class="rc-slider-track"
              style="background-color: rgb(164, 203, 80); left: 0%; width: 50%;"
            />
            <div
              class="rc-slider-step"
            >
              <span
                class="rc-slider-dot rc-slider-dot-active"
                style="border-color: white; left: 0%;"
              />
              <span
                class="rc-slider-dot rc-slider-dot-active"
                style="border-color: white; left: 25%;"
              />
              <span
                class="rc-slider-dot rc-slider-dot-active"
                style="border-color: white; left: 50%;"
              />
              <span
                class="rc-slider-dot"
                style="border-color: white; left: 75%;"
              />
              <span
                class="rc-slider-dot"
                style="border-color: white; left: 100%;"
              />
            </div>
            <div
              aria-disabled="false"
              aria-valuemax="100"
              aria-valuemin="0"
              aria-valuenow="50"
              class="rc-slider-handle"
              role="slider"
              style="border-color: #03033a; background-color: rgb(3, 3, 58); left: 50%; transform: translateX(-50%);"
              tabindex="0"
            />
            <div
              class="rc-slider-mark"
            >
              <span
                class="rc-slider-mark-text rc-slider-mark-text-active"
                style="transform: translateX(-50%); left: 0%; color: rgb(16, 16, 68); font-weight: bold;"
              >
                R$ 70,00
              </span>
              <span
                class="rc-slider-mark-text"
                style="transform: translateX(-50%); left: 100%; color: rgb(16, 16, 68); font-weight: bold;"
              >
                R$ 120,00
              </span>
            </div>
          </div>
        </div>
        <div
          class="c6"
        >
          <h5>
            Selecione a quantidade de parcelas
          </h5>
        </div>
      </div>
      <div
        class="c7"
      >
        <button
          class="c8"
        >
          <h4>
            6
             meses
          </h4>
          <h2>
             
            R$ 3.247,98
          </h2>
        </button>
        <button
          class="c8"
        >
          <h4>
            9
             meses
          </h4>
          <h2>
             
            R$ 2.903,00
          </h2>
        </button>
      </div>
      <div
        class="c9"
      >
        <button
          class="c10"
        >
          Gostei, continuar
        </button>
        <h6>
          Taxa de 1.09% ao mês. Valor da primeira - Sistema de Automatização constante (suas parcelas diminuem com o tempo)
        </h6>
      </div>
    </div>
  </div>
</div>
`;
